done: 2200 steps, grid 20 x 131 x 30, 41 s
done: 2200 steps, grid 20 x 131 x 30, 42 s
done: 4400 steps, grid 40 x 221 x 60, 123 s
done: 4400 steps, grid 40 x 221 x 60, 122 s
done: 8800 steps, grid 80 x 401 x 120, 691 s
done: 8800 steps, grid 80 x 401 x 120, 538 s
done: 2200 steps, grid 20 x 131 x 30, 5 s
done: 2200 steps, grid 20 x 131 x 30, 3 s
done: 4400 steps, grid 40 x 221 x 60, 44 s
done: 4400 steps, grid 40 x 221 x 60, 46 s
[L2] R vs continuous Fresnel (s-pol, Δ=λ0/20, θ1=36.94°): theory=0.069991 measured=0.066145 thr=rel err < 1% -> FAIL rel err -5.495e-02; absolute |ΔR| = 3.85e-03 (if '1%' meant 1 percentage point: INFO only, not used for the verdict)
[L2] T vs continuous Fresnel (s-pol, Δ=λ0/20, θ1=36.94°): theory=0.930009 measured=0.933854 thr=rel err < 1% -> PASS rel err +4.135e-03
[L2] R, T vs exact discrete (Yee-lattice) Fresnel (s-pol, Δ=λ0/20, θ1=36.94°): theory=R 0.0661450874, T 0.9338549126 measured=R 0.0661448866, T 0.9338543942 thr=rel err < 1e-6 -> FAIL rel err R -3.0e-06, T -5.6e-07; the discrete theory itself differs from continuous Fresnel by -5.49e-02 in R (derivation §8.1)
[L2] R + T − 1 (s-pol, Δ=λ0/20, θ1=36.94°): theory=0 measured=-7.19e-07 thr=|·| < 1e-4 -> PASS 
[L2] Snell: ky in medium vs discrete dispersion (n=1.5) (s-pol, Δ=λ0/20, θ1=36.94°): theory=8.6945506444 /λ0 measured=8.6945506398 /λ0 thr=rel err < 1e-6 -> PASS rel err 5.3e-10; continuous ky_m = 8.635412; kx rel err 5.8e-13; θ2 = 23.62°
[L2] R vs continuous Fresnel (p-pol, Δ=λ0/20, θ1=36.94°): theory=0.017864 measured=0.015830 thr=rel err < 1% -> FAIL rel err -1.139e-01; absolute |ΔR| = 2.03e-03 (if '1%' meant 1 percentage point: INFO only, not used for the verdict)
[L2] T vs continuous Fresnel (p-pol, Δ=λ0/20, θ1=36.94°): theory=0.982136 measured=0.984170 thr=rel err < 1% -> PASS rel err +2.071e-03
[L2] R, T vs exact discrete (Yee-lattice) Fresnel (p-pol, Δ=λ0/20, θ1=36.94°): theory=R 0.0158296637, T 0.9841703363 measured=R 0.0158295791, T 0.9841700691 thr=rel err < 1e-6 -> FAIL rel err R -5.3e-06, T -2.7e-07; the discrete theory itself differs from continuous Fresnel by -1.14e-01 in R (derivation §8.1)
[L2] R + T − 1 (p-pol, Δ=λ0/20, θ1=36.94°): theory=0 measured=-3.52e-07 thr=|·| < 1e-4 -> PASS 
[L2] Snell: ky in medium vs discrete dispersion (n=1.5) (p-pol, Δ=λ0/20, θ1=36.94°): theory=8.6945506444 /λ0 measured=8.6945506375 /λ0 thr=rel err < 1e-6 -> PASS rel err 7.9e-10; continuous ky_m = 8.635412; kx rel err 1.6e-12; θ2 = 23.62°
[L2] R convergence order (s-pol, Δ=λ0/10,20,40): theory=2 (O(Δ²)) measured=2.047 thr=2 ± 0.3 -> PASS errors: 2.32e-01, 5.50e-02, 1.36e-02
[L2] T convergence order (s-pol, Δ=λ0/10,20,40): theory=2 (O(Δ²)) measured=2.048 thr=2 ± 0.3 -> PASS errors: 1.74e-02, 4.13e-03, 1.02e-03
[L2] R+T−1 (s, Δ=λ0/10): theory=0 measured=-7.72e-07 thr=|·| < 1e-4 -> PASS 
[L2] R, T vs exact discrete Fresnel (s, Δ=λ0/10): theory=R 0.05376684 measured=R 0.05377988 thr=rel err < 1e-6 -> FAIL R vs continuous Fresnel -2.32e-01, T +1.74e-02
[L2] R+T−1 (s, Δ=λ0/20): theory=0 measured=-7.19e-07 thr=|·| < 1e-4 -> PASS 
[L2] R+T−1 (s, Δ=λ0/40): theory=0 measured=-8.30e-07 thr=|·| < 1e-4 -> PASS 
[L2] R, T vs exact discrete Fresnel (s, Δ=λ0/40): theory=R 0.06904232 measured=R 0.06904186 thr=rel err < 1e-6 -> FAIL R vs continuous Fresnel -1.36e-02, T +1.02e-03
[L2] staircase interface (tangential ε = n² on the plane), s, Δ=λ0/10: theory=— measured=R err +2.60e-01, T err -1.96e-02 thr=— -> INFO informational: shows why the arithmetic mean is used
[L2] staircase interface (tangential ε = n² on the plane), s, Δ=λ0/20: theory=— measured=R err +5.67e-02, T err -4.27e-03 thr=— -> INFO informational: shows why the arithmetic mean is used
[L2] R convergence order (p-pol, Δ=λ0/10,20,40): theory=2 (O(Δ²)) measured=1.992 thr=2 ± 0.3 -> PASS errors: 4.51e-01, 1.14e-01, 2.85e-02
[L2] T convergence order (p-pol, Δ=λ0/10,20,40): theory=2 (O(Δ²)) measured=1.993 thr=2 ± 0.3 -> PASS errors: 8.20e-03, 2.07e-03, 5.17e-04
[L2] R+T−1 (p, Δ=λ0/10): theory=0 measured=-3.29e-07 thr=|·| < 1e-4 -> PASS 
[L2] R, T vs exact discrete Fresnel (p, Δ=λ0/10): theory=R 0.00980904 measured=R 0.00981488 thr=rel err < 1e-6 -> FAIL R vs continuous Fresnel -4.51e-01, T +8.20e-03
[L2] R+T−1 (p, Δ=λ0/20): theory=0 measured=-3.52e-07 thr=|·| < 1e-4 -> PASS 
[L2] R+T−1 (p, Δ=λ0/40): theory=0 measured=-4.16e-07 thr=|·| < 1e-4 -> PASS 
[L2] R, T vs exact discrete Fresnel (p, Δ=λ0/40): theory=R 0.01735583 measured=R 0.01735560 thr=rel err < 1e-6 -> FAIL R vs continuous Fresnel -2.85e-02, T +5.17e-04
[L2] staircase interface (tangential ε = n² on the plane), p, Δ=λ0/10: theory=— measured=R err +6.98e-01, T err -1.27e-02 thr=— -> INFO informational: shows why the arithmetic mean is used
[L2] staircase interface (tangential ε = n² on the plane), p, Δ=λ0/20: theory=— measured=R err +1.48e-01, T err -2.69e-03 thr=— -> INFO informational: shows why the arithmetic mean is used
done: 4400 steps, grid 22 x 221 x 2, 3 s
done: 4400 steps, grid 22 x 221 x 2, 4 s
done: 4400 steps, grid 23 x 221 x 2, 3 s
done: 4400 steps, grid 23 x 221 x 2, 4 s
done: 4400 steps, grid 24 x 221 x 2, 5 s
done: 4400 steps, grid 24 x 221 x 2, 4 s
done: 4400 steps, grid 25 x 221 x 2, 5 s
done: 4400 steps, grid 25 x 221 x 2, 4 s
done: 4400 steps, grid 26 x 221 x 2, 5 s
done: 4400 steps, grid 26 x 221 x 2, 4 s
done: 4400 steps, grid 28 x 221 x 2, 4 s
done: 4400 steps, grid 28 x 221 x 2, 3 s
done: 4400 steps, grid 32 x 221 x 2, 4 s
done: 4400 steps, grid 32 x 221 x 2, 4 s
done: 4400 steps, grid 40 x 221 x 2, 5 s
done: 4400 steps, grid 40 x 221 x 2, 4 s
[L2 (opt.)] Brewster: angle of minimum R_p (p-pol sweep, Δ=λ0/20): theory=56.31° measured=56.44° (R_p = 5.81e-05) thr=dip present -> PASS coarse sweep in Lx; minimum sampled R_p vs smallest R_s

LEVEL 2: 17/25 gates PASS -> FAIL
EXIT=0
