
===== Level 0   exact injection: tests/level0_exact_injection.py =====
N/lam pol   (m,n) |     E res     H res E res bnd H res bnd |      divE      divH | PASS
   10   s  (1, 1) |  2.15e-15  3.18e-15  1.52e-15  3.09e-15 |  5.60e-15  9.15e-15 | PASS
   10   s (-1, 1) |  8.68e-16  1.61e-15  8.68e-16  1.13e-15 |  3.31e-15  4.81e-15 | PASS
   10   s (1, -1) |  1.15e-15  1.40e-15  1.07e-15  1.21e-15 |  3.52e-15  5.74e-15 | PASS
   10   p  (1, 1) |  2.56e-15  3.20e-15  2.55e-15  3.04e-15 |  8.35e-15  6.78e-15 | PASS
   10   p (-1, 1) |  1.59e-15  1.07e-15  1.59e-15  9.35e-16 |  3.87e-15  2.77e-15 | PASS
   10   p (1, -1) |  1.60e-15  1.20e-15  1.33e-15  8.01e-16 |  4.41e-15  3.73e-15 | PASS
   20   s  (1, 1) |  1.89e-15  2.53e-15  1.89e-15  2.25e-15 |  1.28e-14  1.38e-14 | PASS
   20   s (-1, 1) |  1.47e-15  1.80e-15  1.40e-15  1.59e-15 |  5.63e-15  8.81e-15 | PASS
   20   s (1, -1) |  9.76e-16  1.63e-15  9.76e-16  1.57e-15 |  5.74e-15  8.78e-15 | PASS
   20   p  (1, 1) |  2.94e-15  1.95e-15  2.94e-15  1.63e-15 |  1.74e-14  9.67e-15 | PASS
   20   p (-1, 1) |  1.59e-15  1.50e-15  1.42e-15  1.48e-15 |  8.71e-15  7.07e-15 | PASS
   20   p (1, -1) |  1.25e-15  1.53e-15  1.25e-15  1.53e-15 |  7.05e-15  5.74e-15 | PASS
   40   s  (1, 1) |  1.92e-15  2.42e-15  1.91e-15  2.02e-15 |  1.90e-14  2.54e-14 | PASS
   40   s (-1, 1) |  1.25e-15  1.86e-15  1.20e-15  1.55e-15 |  1.89e-14  1.70e-14 | PASS
   40   s (1, -1) |  1.22e-15  1.86e-15  1.20e-15  1.79e-15 |  1.90e-14  1.71e-14 | PASS
   40   p  (1, 1) |  2.92e-15  2.34e-15  1.96e-15  1.97e-15 |  2.07e-14  2.64e-14 | PASS
   40   p (-1, 1) |  1.47e-15  1.35e-15  1.47e-15  1.33e-15 |  2.08e-14  1.53e-14 | PASS
   40   p (1, -1) |  1.48e-15  1.35e-15  1.46e-15  1.23e-15 |  2.08e-14  1.52e-14 | PASS

Controls (continuous ky), s and p, (m,n)=(1,1):
 ctrl pol N/lam |     E res      pred |     H res      pred | E res/(w dt) |      divE
   ky   s    10 |  2.39e-03  2.39e-03 |  3.53e-15  5.59e-17 |    7.605e-03 |  5.39e-15
   ky   s    20 |  3.00e-04  3.00e-04 |  2.82e-15  4.56e-17 |    1.913e-03 |  1.13e-14
   ky   s    40 |  3.76e-05  3.76e-05 |  2.90e-15  1.57e-17 |    4.789e-04 |  2.62e-14
   ky   p    10 |  2.39e-03  2.39e-03 |  2.81e-15  7.49e-17 |    7.605e-03 |  8.10e-15
   ky   p    20 |  3.00e-04  3.00e-04 |  2.73e-15  4.59e-17 |    1.913e-03 |  1.33e-14
   ky   p    40 |  3.76e-05  3.76e-05 |  1.97e-15  2.02e-17 |    4.789e-04 |  2.21e-14
 full   s    10 |  1.28e-03  1.28e-03 |  2.00e-03  2.00e-03 |    4.069e-03 |  7.63e-04
 full   s    20 |  1.60e-04  1.60e-04 |  2.51e-04  2.51e-04 |    1.021e-03 |  1.90e-04
 full   s    40 |  2.01e-05  2.01e-05 |  3.14e-05  3.14e-05 |    2.554e-04 |  4.76e-05
 full   p    10 |  2.00e-03  2.00e-03 |  1.28e-03  1.28e-03 |    6.369e-03 |  5.13e-03
 full   p    20 |  2.51e-04  2.51e-04 |  1.60e-04  1.60e-04 |    1.597e-03 |  1.28e-03
 full   p    40 |  3.14e-05  3.14e-05 |  2.01e-05  2.01e-05 |    3.997e-04 |  3.20e-04

log-log slope of E residual per radian vs k0*Delta: {'ky_s': 1.9945361898522977, 'ky_p': 1.9945701643838858, 'full_s': 1.9970149279081788, 'full_p': 1.9970489024669298}
sensitivity ratio min(control)/max(exact) = 6.26e+09; controls match closed form: True; slopes 2±0.1: True

LEVEL 0: PASS

===== Stage 1   C multistep exactness: tests/level0b_multistep.py =====
 nl pol   (m,n) |     E max     E bnd     E int |     H max     H bnd     H int |   C vs py | PASS
 10   s  (1, 1) |  1.19e-14  1.04e-14  1.19e-14 |  3.98e-14  3.83e-14  3.98e-14 |  0.00e+00 | PASS
 10   s (-1, 1) |  1.53e-14  1.42e-14  1.53e-14 |  3.91e-14  3.58e-14  3.91e-14 |  0.00e+00 | PASS
 10   p  (1, 1) |  1.31e-14  1.09e-14  1.31e-14 |  1.53e-14  1.17e-14  1.53e-14 |  0.00e+00 | PASS
 10   p (-1, 1) |  1.18e-14  1.16e-14  1.18e-14 |  1.83e-14  1.53e-14  1.83e-14 |  0.00e+00 | PASS
 20   s  (1, 1) |  7.34e-15  6.14e-15  7.34e-15 |  4.09e-14  4.09e-14  3.62e-14 |  0.00e+00 | PASS
 20   s (-1, 1) |  8.12e-15  7.34e-15  8.12e-15 |  4.07e-14  3.89e-14  4.07e-14 |  0.00e+00 | PASS
 20   p  (1, 1) |  7.39e-15  7.26e-15  7.39e-15 |  1.46e-14  1.17e-14  1.46e-14 |  0.00e+00 | PASS
 20   p (-1, 1) |  8.60e-15  8.18e-15  8.60e-15 |  1.96e-14  1.40e-14  1.96e-14 |  0.00e+00 | PASS
STAGE 1 multistep: PASS

===== Stage 2   CPML stability: tests/level_cpml_stability.py =====
done: 5000 steps, grid 40 x 261 x 60, 108 s
{
  "nsteps": 5000,
  "grid": [
    40,
    261,
    60
  ],
  "Delta": 0.05,
  "dt": 0.025,
  "pml": {
    "m": 3,
    "sig_fac": 0.8,
    "kappa_max": 5,
    "alpha_max": 0.3141592653589793
  },
  "cavity_energy_drift": 8.881784197001252e-16,
  "W_initial": 2.255965481526208,
  "W_final": 9.034516963639274e-09,
  "decay_ratio": 4.004723049896681e-09,
  "max_growth_per_period_total": -4.230191612140625e-11,
  "max_growth_per_step_total": 3.9370213195782322e-16,
  "max_growth_per_period_phys": -2.692164705987536e-10,
  "max_growth_per_step_phys": 0.0012685471339854784,
  "runtime_s": 108.0,
  "passed": true
}
STAGE 2 CPML stability: PASS

===== Level 1-1 leakage: tests/level1_leakage.py =====
pol                 ramp |    leak E    leak H | window end | PASS
  s     erf(t0=20,tau=4) |  3.77e-16  7.08e-16 |        840 | PASS
  s   raised-cosine 10T0 |  2.38e-15  3.94e-15 |        840 | PASS
  p     erf(t0=20,tau=4) |  4.59e-16  4.86e-16 |        840 | PASS
  p   raised-cosine 10T0 |  3.11e-15  2.89e-15 |        840 | PASS

Controls (s, (1,1)):
nl= 20  steady ky-leak |E|=6.338e-04  (discrete-ky run SF amplitude 2.45e-06; causal-window max: disc 5.40e-03, cont 5.45e-03)
nl= 40  steady ky-leak |E|=1.566e-04  (discrete-ky run SF amplitude 2.15e-06; causal-window max: disc 5.14e-03, cont 5.15e-03)
ky-leak scaling exponent (nl 20 -> 40): 2.017  -> PASS (2 ± 0.1)
LEVEL 1-1 leakage: PASS

===== Level 1-2..8: tests/level1_all.py =====
